Archive member included to satisfy reference by file (symbol)

C:/ST/STM32CubeIDE_1.19.0/STM32CubeIDE/plugins/com.st.stm32cube.ide.mcu.externaltools.gnu-tools-for-stm32.13.3.rel1.win32_1.0.0.202411081344/tools/bin/../lib/gcc/arm-none-eabi/13.3.1/../../../../arm-none-eabi/lib/thumb/v7e-m+fp/hard\libc_nano.a(libc_a-exit.o)
                              C:/ST/STM32CubeIDE_1.19.0/STM32CubeIDE/plugins/com.st.stm32cube.ide.mcu.externaltools.gnu-tools-for-stm32.13.3.rel1.win32_1.0.0.202411081344/tools/bin/../lib/gcc/arm-none-eabi/13.3.1/../../../../arm-none-eabi/lib/thumb/v7e-m+fp/hard/crt0.o (exit)
C:/ST/STM32CubeIDE_1.19.0/STM32CubeIDE/plugins/com.st.stm32cube.ide.mcu.externaltools.gnu-tools-for-stm32.13.3.rel1.win32_1.0.0.202411081344/tools/bin/../lib/gcc/arm-none-eabi/13.3.1/../../../../arm-none-eabi/lib/thumb/v7e-m+fp/hard\libc_nano.a(libc_a-findfp.o)
                              C:/ST/STM32CubeIDE_1.19.0/STM32CubeIDE/plugins/com.st.stm32cube.ide.mcu.externaltools.gnu-tools-for-stm32.13.3.rel1.win32_1.0.0.202411081344/tools/bin/../lib/gcc/arm-none-eabi/13.3.1/../../../../arm-none-eabi/lib/thumb/v7e-m+fp/hard\libc_nano.a(libc_a-exit.o) (__stdio_exit_handler)
C:/ST/STM32CubeIDE_1.19.0/STM32CubeIDE/plugins/com.st.stm32cube.ide.mcu.externaltools.gnu-tools-for-stm32.13.3.rel1.win32_1.0.0.202411081344/tools/bin/../lib/gcc/arm-none-eabi/13.3.1/../../../../arm-none-eabi/lib/thumb/v7e-m+fp/hard\libc_nano.a(libc_a-fwalk.o)
                              C:/ST/STM32CubeIDE_1.19.0/STM32CubeIDE/plugins/com.st.stm32cube.ide.mcu.externaltools.gnu-tools-for-stm32.13.3.rel1.win32_1.0.0.202411081344/tools/bin/../lib/gcc/arm-none-eabi/13.3.1/../../../../arm-none-eabi/lib/thumb/v7e-m+fp/hard\libc_nano.a(libc_a-findfp.o) (_fwalk_sglue)
C:/ST/STM32CubeIDE_1.19.0/STM32CubeIDE/plugins/com.st.stm32cube.ide.mcu.externaltools.gnu-tools-for-stm32.13.3.rel1.win32_1.0.0.202411081344/tools/bin/../lib/gcc/arm-none-eabi/13.3.1/../../../../arm-none-eabi/lib/thumb/v7e-m+fp/hard\libc_nano.a(libc_a-stdio.o)
                              C:/ST/STM32CubeIDE_1.19.0/STM32CubeIDE/plugins/com.st.stm32cube.ide.mcu.externaltools.gnu-tools-for-stm32.13.3.rel1.win32_1.0.0.202411081344/tools/bin/../lib/gcc/arm-none-eabi/13.3.1/../../../../arm-none-eabi/lib/thumb/v7e-m+fp/hard\libc_nano.a(libc_a-findfp.o) (__sread)
C:/ST/STM32CubeIDE_1.19.0/STM32CubeIDE/plugins/com.st.stm32cube.ide.mcu.externaltools.gnu-tools-for-stm32.13.3.rel1.win32_1.0.0.202411081344/tools/bin/../lib/gcc/arm-none-eabi/13.3.1/../../../../arm-none-eabi/lib/thumb/v7e-m+fp/hard\libc_nano.a(libc_a-memset.o)
                              C:/ST/STM32CubeIDE_1.19.0/STM32CubeIDE/plugins/com.st.stm32cube.ide.mcu.externaltools.gnu-tools-for-stm32.13.3.rel1.win32_1.0.0.202411081344/tools/bin/../lib/gcc/arm-none-eabi/13.3.1/../../../../arm-none-eabi/lib/thumb/v7e-m+fp/hard/crt0.o (memset)
C:/ST/STM32CubeIDE_1.19.0/STM32CubeIDE/plugins/com.st.stm32cube.ide.mcu.externaltools.gnu-tools-for-stm32.13.3.rel1.win32_1.0.0.202411081344/tools/bin/../lib/gcc/arm-none-eabi/13.3.1/../../../../arm-none-eabi/lib/thumb/v7e-m+fp/hard\libc_nano.a(libc_a-closer.o)
                              C:/ST/STM32CubeIDE_1.19.0/STM32CubeIDE/plugins/com.st.stm32cube.ide.mcu.externaltools.gnu-tools-for-stm32.13.3.rel1.win32_1.0.0.202411081344/tools/bin/../lib/gcc/arm-none-eabi/13.3.1/../../../../arm-none-eabi/lib/thumb/v7e-m+fp/hard\libc_nano.a(libc_a-stdio.o) (_close_r)
C:/ST/STM32CubeIDE_1.19.0/STM32CubeIDE/plugins/com.st.stm32cube.ide.mcu.externaltools.gnu-tools-for-stm32.13.3.rel1.win32_1.0.0.202411081344/tools/bin/../lib/gcc/arm-none-eabi/13.3.1/../../../../arm-none-eabi/lib/thumb/v7e-m+fp/hard\libc_nano.a(libc_a-reent.o)
                              C:/ST/STM32CubeIDE_1.19.0/STM32CubeIDE/plugins/com.st.stm32cube.ide.mcu.externaltools.gnu-tools-for-stm32.13.3.rel1.win32_1.0.0.202411081344/tools/bin/../lib/gcc/arm-none-eabi/13.3.1/../../../../arm-none-eabi/lib/thumb/v7e-m+fp/hard\libc_nano.a(libc_a-closer.o) (errno)
C:/ST/STM32CubeIDE_1.19.0/STM32CubeIDE/plugins/com.st.stm32cube.ide.mcu.externaltools.gnu-tools-for-stm32.13.3.rel1.win32_1.0.0.202411081344/tools/bin/../lib/gcc/arm-none-eabi/13.3.1/../../../../arm-none-eabi/lib/thumb/v7e-m+fp/hard\libc_nano.a(libc_a-impure.o)
                              C:/ST/STM32CubeIDE_1.19.0/STM32CubeIDE/plugins/com.st.stm32cube.ide.mcu.externaltools.gnu-tools-for-stm32.13.3.rel1.win32_1.0.0.202411081344/tools/bin/../lib/gcc/arm-none-eabi/13.3.1/../../../../arm-none-eabi/lib/thumb/v7e-m+fp/hard\libc_nano.a(libc_a-reent.o) (_impure_ptr)
C:/ST/STM32CubeIDE_1.19.0/STM32CubeIDE/plugins/com.st.stm32cube.ide.mcu.externaltools.gnu-tools-for-stm32.13.3.rel1.win32_1.0.0.202411081344/tools/bin/../lib/gcc/arm-none-eabi/13.3.1/../../../../arm-none-eabi/lib/thumb/v7e-m+fp/hard\libc_nano.a(libc_a-lseekr.o)
[...]
Memory Configuration

Name             Origin             Length             Attributes
CCMRAM           0x10000000         0x00010000         xrw
RAM              0x20000000         0x00030000         xrw
FLASH            0x08000000         0x00200000         xr
*default*        0x00000000         0xffffffff

Linker script and memory map

LOAD C:/ST/STM32CubeIDE_1.19.0/STM32CubeIDE/plugins/com.st.stm32cube.ide.mcu.externaltools.gnu-tools-for-stm32.13.3.rel1.win32_1.0.0.202411081344/tools/bin/../lib/gcc/arm-none-eabi/13.3.1/thumb/v7e-m+fp/hard/crti.o
LOAD C:/ST/STM32CubeIDE_1.19.0/STM32CubeIDE/plugins/com.st.stm32cube.ide.mcu.externaltools.gnu-tools-for-stm32.13.3.rel1.win32_1.0.0.202411081344/tools/bin/../lib/gcc/arm-none-eabi/13.3.1/thumb/v7e-m+fp/hard/crtbegin.o
LOAD C:/ST/STM32CubeIDE_1.19.0/STM32CubeIDE/plugins/com.st.stm32cube.ide.mcu.externaltools.gnu-tools-for-stm32.13.3.rel1.win32_1.0.0.202411081344/tools/bin/../lib/gcc/arm-none-eabi/13.3.1/../../../../arm-none-eabi/lib/thumb/v7e-m+fp/hard/crt0.o
LOAD ./Core/Src/gpio.o
LOAD ./Core/Src/main.o
LOAD ./Core/Src/morse.o
LOAD ./Core/Src/mybuf.o
LOAD ./Core/Src/stm32f4xx_hal_msp.o
LOAD ./Core/Src/stm32f4xx_it.o
LOAD ./Core/Src/syscalls.o
LOAD ./Core/Src/sysmem.o
LOAD ./Core/Src/system_stm32f4xx.o
LOAD ./Core/Src/uart_buf.o
LOAD ./Core/Src/usart.o
LOAD ./Core/Startup/startup_stm32f427vitx.o
LOAD ./Drivers/STM32F4xx_HAL_Driver/Src/stm32f4xx_hal.o
LOAD ./Drivers/STM32F4xx_HAL_Driver/Src/stm32f4xx_hal_cortex.o
LOAD ./Drivers/STM32F4xx_HAL_Driver/Src/stm32f4xx_hal_dma.o
LOAD ./Drivers/STM32F4xx_HAL_Driver/Src/stm32f4xx_hal_dma_ex.o
LOAD ./Drivers/STM32F4xx_HAL_Driver/Src/stm32f4xx_hal_exti.o
LOAD ./Drivers/STM32F4xx_HAL_Driver/Src/stm32f4xx_hal_flash.o
LOAD ./Drivers/STM32F4xx_HAL_Driver/Src/stm32f4xx_hal_flash_ex.o
LOAD ./Drivers/STM32F4xx_HAL_Driver/Src/stm32f4xx_hal_flash_ramfunc.o
LOAD ./Drivers/STM32F4xx_HAL_Driver/Src/stm32f4xx_hal_gpio.o
LOAD ./Drivers/STM32F4xx_HAL_Driver/Src/stm32f4xx_hal_pwr.o
LOAD ./Drivers/STM32F4xx_HAL_Driver/Src/stm32f4xx_hal_pwr_ex.o
LOAD ./Drivers/STM32F4xx_HAL_Driver/Src/stm32f4xx_hal_rcc.o
LOAD ./Drivers/STM32F4xx_HAL_Driver/Src/stm32f4xx_hal_rcc_ex.o
LOAD ./Drivers/STM32F4xx_HAL_Driver/Src/stm32f4xx_hal_uart.o
START GROUP
LOAD C:/ST/STM32CubeIDE_1.19.0/STM32CubeIDE/plugins/com.st.stm32cube.ide.mcu.externaltools.gnu-tools-for-stm32.13.3.rel1.win32_1.0.0.202411081344/tools/bin/../lib/gcc/arm-none-eabi/13.3.1/../../../../arm-none-eabi/lib/thumb/v7e-m+fp/hard\libc_nano.a
LOAD C:/ST/STM32CubeIDE_1.19.0/STM32CubeIDE/plugins/com.st.stm32cube.ide.mcu.externaltools.gnu-tools-for-stm32.13.3.rel1.win32_1.0.0.202411081344/tools/bin/../lib/gcc/arm-none-eabi/13.3.1/../../../../arm-none-eabi/lib/thumb/v7e-m+fp/hard\libm.a
END GROUP
START GROUP
LOAD C:/ST/STM32CubeIDE_1.19.0/STM32CubeIDE/plugins/com.st.stm32cube.ide.mcu.externaltools.gnu-tools-for-stm32.13.3.rel1.win32_1.0.0.202411081344/tools/bin/../lib/gcc/arm-none-eabi/13.3.1/thumb/v7e-m+fp/hard\libgcc.a
LOAD C:/ST/STM32CubeIDE_1.19.0/STM32CubeIDE/plugins/com.st.stm32cube.ide.mcu.externaltools.gnu-tools-for-stm32.13.3.rel1.win32_1.0.0.202411081344/tools/bin/../lib/gcc/arm-none-eabi/13.3.1/../../../../arm-none-eabi/lib/thumb/v7e-m+fp/hard\libc_nano.a
END GROUP
START GROUP
LOAD C:/ST/STM32CubeIDE_1.19.0/STM32CubeIDE/plugins/com.st.stm32cube.ide.mcu.externaltools.gnu-tools-for-stm32.13.3.rel1.win32_1.0.0.202411081344/tools/bin/../lib/gcc/arm-none-eabi/13.3.1/thumb/v7e-m+fp/hard\libgcc.a
LOAD C:/ST/STM32CubeIDE_1.19.0/STM32CubeIDE/plugins/com.st.stm32cube.ide.mcu.externaltools.gnu-tools-for-stm32.13.3.rel1.win32_1.0.0.202411081344/tools/bin/../lib/gcc/arm-none-eabi/13.3.1/../../../../arm-none-eabi/lib/thumb/v7e-m+fp/hard\libc_nano.a
LOAD C:/ST/STM32CubeIDE_1.19.0/STM32CubeIDE/plugins/com.st.stm32cube.ide.mcu.externaltools.gnu-tools-for-stm32.13.3.rel1.win32_1.0.0.202411081344/tools/bin/../lib/gcc/arm-none-eabi/13.3.1/../../../../arm-none-eabi/lib/thumb/v7e-m+fp/hard\libnosys.a
END GROUP
START GROUP
LOAD C:/ST/STM32CubeIDE_1.19.0/STM32CubeIDE/plugins/com.st.stm32cube.ide.mcu.externaltools.gnu-tools-for-stm32.13.3.rel1.win32_1.0.0.202411081344/tools/bin/../lib/gcc/arm-none-eabi/13.3.1/thumb/v7e-m+fp/hard\libgcc.a
LOAD C:/ST/STM32CubeIDE_1.19.0/STM32CubeIDE/plugins/com.st.stm32cube.ide.mcu.externaltools.gnu-tools-for-stm32.13.3.rel1.win32_1.0.0.202411081344/tools/bin/../lib/gcc/arm-none-eabi/13.3.1/../../../../arm-none-eabi/lib/thumb/v7e-m+fp/hard\libc_nano.a
LOAD C:/ST/STM32CubeIDE_1.19.0/STM32CubeIDE/plugins/com.st.stm32cube.ide.mcu.externaltools.gnu-tools-for-stm32.13.3.rel1.win32_1.0.0.202411081344/tools/bin/../lib/gcc/arm-none-eabi/13.3.1/../../../../arm-none-eabi/lib/thumb/v7e-m+fp/hard\libnosys.a
END GROUP
LOAD C:/ST/STM32CubeIDE_1.19.0/STM32CubeIDE/plugins/com.st.stm32cube.ide.mcu.externaltools.gnu-tools-for-stm32.13.3.rel1.win32_1.0.0.202411081344/tools/bin/../lib/gcc/arm-none-eabi/13.3.1/thumb/v7e-m+fp/hard/crtend.o
LOAD C:/ST/STM32CubeIDE_1.19.0/STM32CubeIDE/plugins/com.st.stm32cube.ide.mcu.externaltools.gnu-tools-for-stm32.13.3.rel1.win32_1.0.0.202411081344/tools/bin/../lib/gcc/arm-none-eabi/13.3.1/thumb/v7e-m+fp/hard/crtn.o
                0x20030000                        _estack = (ORIGIN (RAM) + LENGTH (RAM))
                0x00000200                        _Min_Heap_Size = 0x200
                0x00000400                        _Min_Stack_Size = 0x400

.isr_vector     0x08000000      0x1ac
                0x08000000                        . = ALIGN (0x4)
 *(.isr_vector)
 .isr_vector    0x08000000      0x1ac ./Core/Startup/startup_stm32f427vitx.o
                0x08000000                g_pfnVectors
                0x080001ac                        . = ALIGN (0x4)

.text           0x080001ac     0x324c
                0x080001ac                        . = ALIGN (0x4)
 *(.text)
 .text          0x080001ac       0x40 C:/ST/STM32CubeIDE_1.19.0/STM32CubeIDE/plugins/com.st.stm32cube.ide.mcu.externaltools.gnu-tools-for-stm32.13.3.rel1.win32_1.0.0.202411081344/tools/bin/../lib/gcc/arm-none-eabi/13.3.1/thumb/v7e-m+fp/hard/crtbegin.o
 .text          0x080001ec       0x30 C:/ST/STM32CubeIDE_1.19.0/STM32CubeIDE/plugins/com.st.stm32cube.ide.mcu.externaltools.gnu-tools-for-stm32.13.3.rel1.win32_1.0.0.202411081344/tools/bin/../lib/gcc/arm-none-eabi/13.3.1/thumb/v7e-m+fp/hard\libgcc.a(_aeabi_uldivmod.o)
                0x080001ec                __aeabi_uldivmod
 .text          0x0800021c      0x2f8 C:/ST/STM32CubeIDE_1.19.0/STM32CubeIDE/plugins/com.st.stm32cube.ide.mcu.externaltools.gnu-tools-for-stm32.13.3.rel1.win32_1.0.0.202411081344/tools/bin/../lib/gcc/arm-none-eabi/13.3.1/thumb/v7e-m+fp/hard\libgcc.a(_udivmoddi4.o)
                0x0800021c                __udivmoddi4
 .text          0x08000514        0x4 C:/ST/STM32CubeIDE_1.19.0/STM32CubeIDE/plugins/com.st.stm32cube.ide.mcu.externaltools.gnu-tools-for-stm32.13.3.rel1.win32_1.0.0.202411081344/tools/bin/../lib/gcc/arm-none-eabi/13.3.1/thumb/v7e-m+fp/hard\libgcc.a(_dvmd_tls.o)
                0x08000514                __aeabi_idiv0
                0x08000514                __aeabi_ldiv0
 *(.text*)
 .text.MX_GPIO_Init
                0x08000518       0xfc ./Core/Src/gpio.o
                0x08000518                MX_GPIO_Init
 .text.light_up
                0x08000614       0x54 ./Core/Src/main.o
                0x08000614                light_up
 .text.light_down
                0x08000668       0x54 ./Core/Src/main.o
                0x08000668                light_down
 .text.is_pressed
                0x080006bc       0x20 ./Core/Src/main.o
                0x080006bc                is_pressed
 .text.is_long_press
                0x080006dc       0x34 ./Core/Src/main.o
                0x080006dc                is_long_press
 .text.is_changed
                0x08000710       0x8c ./Core/Src/main.o
                0x08000710                is_changed
 .text.uart6_start_receive_char_it
                0x0800079c       0x28 ./Core/Src/main.o
                0x0800079c                uart6_start_receive_char_it
 .text.uart6_try_push_received_char
                0x080007c4       0x34 ./Core/Src/main.o
                0x080007c4                uart6_try_push_received_char
 .text.HAL_UART_RxCpltCallback
                0x080007f8       0x2c ./Core/Src/main.o
                0x080007f8                HAL_UART_RxCpltCallback
 .text.main     0x08000824      0x294 ./Core/Src/main.o
                0x08000824                main
 .text.SystemClock_Config
                0x08000ab8       0xe0 ./Core/Src/main.o
                0x08000ab8                SystemClock_Config
 .text.Error_Handler
                0x08000b98        0xc ./Core/Src/main.o
                0x08000b98                Error_Handler
 .text.morse_get_sym
                0x08000ba4       0x6c ./Core/Src/morse.o
                0x08000ba4                morse_get_sym
 .text.my_buf_init
                0x08000c10       0x20 ./Core/Src/mybuf.o
                0x08000c10                my_buf_init
 .text.my_buf_write
                0x08000c30       0x3e ./Core/Src/mybuf.o
                0x08000c30                my_buf_write
 .text.my_buf_reset
                0x08000c6e       0x20 ./Core/Src/mybuf.o
                0x08000c6e                my_buf_reset
 .text.my_buf_empty
                0x08000c8e       0x22 ./Core/Src/mybuf.o
                0x08000c8e                my_buf_empty
 .text.my_buf_full
                0x08000cb0       0x22 ./Core/Src/mybuf.o
                0x08000cb0                my_buf_full
 .text.my_buf_len
                0x08000cd2       0x20 ./Core/Src/mybuf.o
                0x08000cd2                my_buf_len
 .text.my_buf_is_eq
                0x08000cf2       0x56 ./Core/Src/mybuf.o
                0x08000cf2                my_buf_is_eq
 .text.decode_char
                0x08000d48       0x74 ./Core/Src/mybuf.o
                0x08000d48                decode_char
 .text.HAL_MspInit
                0x08000dbc       0x50 ./Core/Src/stm32f4xx_hal_msp.o
                0x08000dbc                HAL_MspInit
 .text.NMI_Handler
                0x08000e0c        0x8 ./Core/Src/stm32f4xx_it.o
                0x08000e0c                NMI_Handler
 .text.HardFault_Handler
                0x08000e14        0x8 ./Core/Src/stm32f4xx_it.o
                0x08000e14                HardFault_Handler
 .text.MemManage_Handler
                0x08000e1c        0x8 ./Core/Src/stm32f4xx_it.o
                0x08000e1c                MemManage_Handler
 .text.BusFault_Handler
                0x08000e24        0x8 ./Core/Src/stm32f4xx_it.o
                0x08000e24                BusFault_Handler
 .text.UsageFault_Handler
                0x08000e2c        0x8 ./Core/Src/stm32f4xx_it.o
                0x08000e2c                UsageFault_Handler
 .text.SVC_Handler
                0x08000e34        0xe ./Core/Src/stm32f4xx_it.o
                0x08000e34                SVC_Handler
 .text.DebugMon_Handler
                0x08000e42        0xe ./Core/Src/stm32f4xx_it.o
                0x08000e42                DebugMon_Handler
 .text.PendSV_Handler
                0x08000e50        0xe ./Core/Src/stm32f4xx_it.o
                0x08000e50                PendSV_Handler
 .text.SysTick_Handler
                0x08000e5e        0xc ./Core/Src/stm32f4xx_it.o
                0x08000e5e                SysTick_Handler
 *fill*         0x08000e6a        0x2 
 .text.USART6_IRQHandler
                0x08000e6c       0x14 ./Core/Src/stm32f4xx_it.o
                0x08000e6c                USART6_IRQHandler
 .text.SystemInit
                0x08000e80       0x24 ./Core/Src/system_stm32f4xx.o
                0x08000e80                SystemInit
 .text.lock     0x08000ea4       0x22 ./Core/Src/uart_buf.o
 .text.unlock   0x08000ec6       0x20 ./Core/Src/uart_buf.o
 .text.uart_buf_push
                0x08000ee6       0x76 ./Core/Src/uart_buf.o
                0x08000ee6                uart_buf_push
 .text.uart_buf_pop
                0x08000f5c       0x66 ./Core/Src/uart_buf.o
                0x08000f5c                uart_buf_pop
 .text.uart_buf_reset
                0x08000fc2       0x26 ./Core/Src/uart_buf.o
                0x08000fc2                uart_buf_reset
 .text.MX_USART6_UART_Init
                0x08000fe8       0x54 ./Core/Src/usart.o
                0x08000fe8                MX_USART6_UART_Init
 .text.HAL_UART_MspInit
                0x0800103c       0xa0 ./Core/Src/usart.o
                0x0800103c                HAL_UART_MspInit
 .text.Reset_Handler
                0x080010dc       0x50 ./Core/Startup/startup_stm32f427vitx.o
                0x080010dc                Reset_Handler
 .text.Default_Handler
                0x0800112c        0x2 ./Core/Startup/startup_stm32f427vitx.o
                0x0800112c                RTC_Alarm_IRQHandler
                0x0800112c                HASH_RNG_IRQHandler
                0x0800112c                EXTI2_IRQHandler
                0x0800112c                TIM8_CC_IRQHandler
                0x0800112c                UART8_IRQHandler
                0x0800112c                SPI4_IRQHandler
                0x0800112c                TIM1_CC_IRQHandler
                0x0800112c                DMA2_Stream5_IRQHandler
                0x0800112c                DMA1_Stream5_IRQHandler
                0x0800112c                PVD_IRQHandler
                0x0800112c                SDIO_IRQHandler
                0x0800112c                TAMP_STAMP_IRQHandler
                0x0800112c                CAN2_RX1_IRQHandler
                0x0800112c                EXTI3_IRQHandler
                0x0800112c                TIM8_TRG_COM_TIM14_IRQHandler
                0x0800112c                TIM1_UP_TIM10_IRQHandler
                0x0800112c                TIM8_UP_TIM13_IRQHandler
                0x0800112c                I2C3_ER_IRQHandler
                0x0800112c                EXTI0_IRQHandler
                0x0800112c                I2C2_EV_IRQHandler
                0x0800112c                DMA1_Stream2_IRQHandler
                0x0800112c                CAN1_RX0_IRQHandler
                0x0800112c                FPU_IRQHandler
                0x0800112c                OTG_HS_WKUP_IRQHandler
                0x0800112c                CAN2_SCE_IRQHandler
                0x0800112c                DMA2_Stream2_IRQHandler
                0x0800112c                SPI1_IRQHandler
                0x0800112c                TIM6_DAC_IRQHandler
                0x0800112c                TIM1_BRK_TIM9_IRQHandler
                0x0800112c                DCMI_IRQHandler
                0x0800112c                CAN2_RX0_IRQHandler
                0x0800112c                DMA2_Stream3_IRQHandler
                0x0800112c                USART3_IRQHandler
                0x0800112c                CAN1_RX1_IRQHandler
                0x0800112c                UART5_IRQHandler
                0x0800112c                DMA2_Stream0_IRQHandler
                0x0800112c                TIM4_IRQHandler
                0x0800112c                I2C1_EV_IRQHandler
                0x0800112c                DMA1_Stream6_IRQHandler
                0x0800112c                DMA1_Stream1_IRQHandler
                0x0800112c                UART4_IRQHandler
                0x0800112c                TIM3_IRQHandler
                0x0800112c                RCC_IRQHandler
                0x0800112c                TIM8_BRK_TIM12_IRQHandler
                0x0800112c                Default_Handler
                0x0800112c                EXTI15_10_IRQHandler
                0x0800112c                ADC_IRQHandler
                0x0800112c                DMA1_Stream7_IRQHandler
                0x0800112c                SPI5_IRQHandler
                0x0800112c                TIM7_IRQHandler
                0x0800112c                CAN2_TX_IRQHandler
                0x0800112c                TIM5_IRQHandler
                0x0800112c                DMA2_Stream7_IRQHandler
                0x0800112c                I2C3_EV_IRQHandler
                0x0800112c                EXTI9_5_IRQHandler
                0x0800112c                RTC_WKUP_IRQHandler
                0x0800112c                ETH_WKUP_IRQHandler
                0x0800112c                SPI2_IRQHandler
                0x0800112c                OTG_HS_EP1_IN_IRQHandler
                0x0800112c                DMA1_Stream0_IRQHandler
                0x0800112c                CAN1_TX_IRQHandler
                0x0800112c                EXTI4_IRQHandler
                0x0800112c                ETH_IRQHandler
                0x0800112c                OTG_HS_EP1_OUT_IRQHandler
                0x0800112c                WWDG_IRQHandler
                0x0800112c                SPI6_IRQHandler
                0x0800112c                TIM2_IRQHandler
                0x0800112c                OTG_FS_WKUP_IRQHandler
                0x0800112c                TIM1_TRG_COM_TIM11_IRQHandler
                0x0800112c                OTG_HS_IRQHandler
                0x0800112c                DMA2D_IRQHandler
                0x0800112c                EXTI1_IRQHandler
                0x0800112c                UART7_IRQHandler
                0x0800112c                USART2_IRQHandler
                0x0800112c                I2C2_ER_IRQHandler
                0x0800112c                DMA2_Stream1_IRQHandler
                0x0800112c                CAN1_SCE_IRQHandler
                0x0800112c                FLASH_IRQHandler
                0x0800112c                DMA2_Stream4_IRQHandler
                0x0800112c                USART1_IRQHandler
                0x0800112c                OTG_FS_IRQHandler
                0x0800112c                SPI3_IRQHandler
                0x0800112c                DMA1_Stream4_IRQHandler
                0x0800112c                I2C1_ER_IRQHandler
                0x0800112c                FMC_IRQHandler
                0x0800112c                DMA2_Stream6_IRQHandler
                0x0800112c                SAI1_IRQHandler
                0x0800112c                DMA1_Stream3_IRQHandler
 *fill*         0x0800112e        0x2 
 .text.HAL_Init
                0x08001130       0x44 ./Drivers/STM32F4xx_HAL_Driver/Src/stm32f4xx_hal.o
                0x08001130                HAL_Init
 .text.HAL_InitTick
                0x08001174       0x60 ./Drivers/STM32F4xx_HAL_Driver/Src/stm32f4xx_hal.o
                0x08001174                HAL_InitTick
 .text.HAL_IncTick
                0x080011d4       0x28 ./Drivers/STM32F4xx_HAL_Driver/Src/stm32f4xx_hal.o
                0x080011d4                HAL_IncTick
 .text.HAL_GetTick
                0x080011fc       0x18 ./Drivers/STM32F4xx_HAL_Driver/Src/stm32f4xx_hal.o
                0x080011fc                HAL_GetTick
 .text.HAL_Delay
                0x08001214       0x48 ./Drivers/STM32F4xx_HAL_Driver/Src/stm32f4xx_hal.o
                0x08001214                HAL_Delay
 .text.__NVIC_SetPriorityGrouping
                0x0800125c       0x48 ./Drivers/STM32F4xx_HAL_Driver/Src/stm32f4xx_hal_cortex.o
 .text.__NVIC_GetPriorityGrouping
                0x080012a4       0x1c ./Drivers/STM32F4xx_HAL_Driver/Src/stm32f4xx_hal_cortex.o
 .text.__NVIC_EnableIRQ
                0x080012c0       0x3c ./Drivers/STM32F4xx_HAL_Driver/Src/stm32f4xx_hal_cortex.o
 .text.__NVIC_SetPriority
                0x080012fc       0x54 ./Drivers/STM32F4xx_HAL_Driver/Src/stm32f4xx_hal_cortex.o
 .text.NVIC_EncodePriority
                0x08001350       0x66 ./Drivers/STM32F4xx_HAL_Driver/Src/stm32f4xx_hal_cortex.o
 *fill*         0x080013b6        0x2 
 .text.SysTick_Config
                0x080013b8       0x44 ./Drivers/STM32F4xx_HAL_Driver/Src/stm32f4xx_hal_cortex.o
 .text.HAL_NVIC_SetPriorityGrouping
                0x080013fc       0x16 ./Drivers/STM32F4xx_HAL_Driver/Src/stm32f4xx_hal_cortex.o
                0x080013fc                HAL_NVIC_SetPriorityGrouping
 .text.HAL_NVIC_SetPriority
                0x08001412       0x38 ./Drivers/STM32F4xx_HAL_Driver/Src/stm32f4xx_hal_cortex.o
                0x08001412                HAL_NVIC_SetPriority
 .text.HAL_NVIC_EnableIRQ
                0x0800144a       0x1c ./Drivers/STM32F4xx_HAL_Driver/Src/stm32f4xx_hal_cortex.o
                0x0800144a                HAL_NVIC_EnableIRQ
 .text.HAL_SYSTICK_Config
                0x08001466       0x18 ./Drivers/STM32F4xx_HAL_Driver/Src/stm32f4xx_hal_cortex.o
                0x08001466                HAL_SYSTICK_Config
 .text.HAL_DMA_Abort
                0x0800147e       0xe0 ./Drivers/STM32F4xx_HAL_Driver/Src/stm32f4xx_hal_dma.o
                0x0800147e                HAL_DMA_Abort
 .text.HAL_DMA_Abort_IT
                0x0800155e       0x44 ./Drivers/STM32F4xx_HAL_Driver/Src/stm32f4xx_hal_dma.o
                0x0800155e                HAL_DMA_Abort_IT
 *fill*         0x080015a2        0x2 
 .text.HAL_GPIO_Init
                0x080015a4      0x358 ./Drivers/STM32F4xx_HAL_Driver/Src/stm32f4xx_hal_gpio.o
                0x080015a4                HAL_GPIO_Init
 .text.HAL_GPIO_ReadPin
                0x080018fc       0x30 ./Drivers/STM32F4xx_HAL_Driver/Src/stm32f4xx_hal_gpio.o
                0x080018fc                HAL_GPIO_ReadPin
 .text.HAL_GPIO_WritePin
                0x0800192c       0x32 ./Drivers/STM32F4xx_HAL_Driver/Src/stm32f4xx_hal_gpio.o
                0x0800192c                HAL_GPIO_WritePin
 *fill*         0x0800195e        0x2 
 .text.HAL_PWREx_EnableOverDrive
                0x08001960       0xa0 ./Drivers/STM32F4xx_HAL_Driver/Src/stm32f4xx_hal_pwr_ex.o
                0x08001960                HAL_PWREx_EnableOverDrive
 .text.HAL_RCC_OscConfig
                0x08001a00      0x4f0 ./Drivers/STM32F4xx_HAL_Driver/Src/stm32f4xx_hal_rcc.o
                0x08001a00                HAL_RCC_OscConfig
 .text.HAL_RCC_ClockConfig
                0x08001ef0      0x1cc ./Drivers/STM32F4xx_HAL_Driver/Src/stm32f4xx_hal_rcc.o
                0x08001ef0                HAL_RCC_ClockConfig
 .text.HAL_RCC_GetSysClockFreq
                0x080020bc      0x18c ./Drivers/STM32F4xx_HAL_Driver/Src/stm32f4xx_hal_rcc.o
                0x080020bc                HAL_RCC_GetSysClockFreq
 .text.HAL_RCC_GetHCLKFreq
                0x08002248       0x18 ./Drivers/STM32F4xx_HAL_Driver/Src/stm32f4xx_hal_rcc.o
                0x08002248                HAL_RCC_GetHCLKFreq
 .text.HAL_RCC_GetPCLK1Freq
                0x08002260       0x28 ./Drivers/STM32F4xx_HAL_Driver/Src/stm32f4xx_hal_rcc.o
                0x08002260                HAL_RCC_GetPCLK1Freq
 .text.HAL_RCC_GetPCLK2Freq
                0x08002288       0x28 ./Drivers/STM32F4xx_HAL_Driver/Src/stm32f4xx_hal_rcc.o
                0x08002288                HAL_RCC_GetPCLK2Freq
 .text.HAL_UART_Init
                0x080022b0       0xa0 ./Drivers/STM32F4xx_HAL_Driver/Src/stm32f4xx_hal_uart.o
                0x080022b0                HAL_UART_Init
 .text.HAL_UART_Transmit
                0x08002350      0x116 ./Drivers/STM32F4xx_HAL_Driver/Src/stm32f4xx_hal_uart.o
                0x08002350                HAL_UART_Transmit
 .text.HAL_UART_Receive_IT
                0x08002466       0x4a ./Drivers/STM32F4xx_HAL_Driver/Src/stm32f4xx_hal_uart.o
                0x08002466                HAL_UART_Receive_IT
 .text.HAL_UART_IRQHandler
                0x080024b0      0x554 ./Drivers/STM32F4xx_HAL_Driver/Src/stm32f4xx_hal_uart.o
                0x080024b0                HAL_UART_IRQHandler
 .text.HAL_UART_TxCpltCallback
                0x08002a04       0x14 ./Drivers/STM32F4xx_HAL_Driver/Src/stm32f4xx_hal_uart.o
                0x08002a04                HAL_UART_TxCpltCallback
 .text.HAL_UART_ErrorCallback
                0x08002a18       0x14 ./Drivers/STM32F4xx_HAL_Driver/Src/stm32f4xx_hal_uart.o
                0x08002a18                HAL_UART_ErrorCallback
 .text.HAL_UARTEx_RxEventCallback
                0x08002a2c       0x18 ./Drivers/STM32F4xx_HAL_Driver/Src/stm32f4xx_hal_uart.o
                0x08002a2c                HAL_UARTEx_RxEventCallback
 .text.UART_WaitOnFlagUntilTimeout
                0x08002a44       0xb2 ./Drivers/STM32F4xx_HAL_Driver/Src/stm32f4xx_hal_uart.o
 .text.UART_Start_Receive_IT
                0x08002af6       0x74 ./Drivers/STM32F4xx_HAL_Driver/Src/stm32f4xx_hal_uart.o
                0x08002af6                UART_Start_Receive_IT
 .text.UART_EndRxTransfer
                0x08002b6a       0xc6 ./Drivers/STM32F4xx_HAL_Driver/Src/stm32f4xx_hal_uart.o
 .text.UART_DMAAbortOnError
                0x08002c30       0x22 ./Drivers/STM32F4xx_HAL_Driver/Src/stm32f4xx_hal_uart.o
 .text.UART_Transmit_IT
                0x08002c52       0xa0 ./Drivers/STM32F4xx_HAL_Driver/Src/stm32f4xx_hal_uart.o
 .text.UART_EndTransmit_IT
                0x08002cf2       0x30 ./Drivers/STM32F4xx_HAL_Driver/Src/stm32f4xx_hal_uart.o
 .text.UART_Receive_IT
                0x08002d22      0x17c ./Drivers/STM32F4xx_HAL_Driver/Src/stm32f4xx_hal_uart.o
 *fill*         0x08002e9e        0x2 
 .text.UART_SetConfig
                0x08002ea0      0x4e8 ./Drivers/STM32F4xx_HAL_Driver/Src/stm32f4xx_hal_uart.o
 .text.memset   0x08003388       0x10 C:/ST/STM32CubeIDE_1.19.0/STM32CubeIDE/plugins/com.st.stm32cube.ide.mcu.externaltools.gnu-tools-for-stm32.13.3.rel1.win32_1.0.0.202411081344/tools/bin/../lib/gcc/arm-none-eabi/13.3.1/../../../../arm-none-eabi/lib/thumb/v7e-m+fp/hard\libc_nano.a(libc_a-memset.o)
                0x08003388                memset
 .text.__libc_init_array
                0x08003398       0x48 C:/ST/STM32CubeIDE_1.19.0/STM32CubeIDE/plugins/com.st.stm32cube.ide.mcu.externaltools.gnu-tools-for-stm32.13.3.rel1.win32_1.0.0.202411081344/tools/bin/../lib/gcc/arm-none-eabi/13.3.1/../../../../arm-none-eabi/lib/thumb/v7e-m+fp/hard\libc_nano.a(libc_a-init.o)
                0x08003398                __libc_init_array
 *(.glue_7)
 .glue_7        0x080033e0        0x0 linker stubs
 *(.glue_7t)
 .glue_7t       0x080033e0        0x0 linker stubs
 *(.eh_frame)
 .eh_frame      0x080033e0        0x0 C:/ST/STM32CubeIDE_1.19.0/STM32CubeIDE/plugins/com.st.stm32cube.ide.mcu.externaltools.gnu-tools-for-stm32.13.3.rel1.win32_1.0.0.202411081344/tools/bin/../lib/gcc/arm-none-eabi/13.3.1/thumb/v7e-m+fp/hard/crtbegin.o
 *(.init)
 .init          0x080033e0        0x4 C:/ST/STM32CubeIDE_1.19.0/STM32CubeIDE/plugins/com.st.stm32cube.ide.mcu.externaltools.gnu-tools-for-stm32.13.3.rel1.win32_1.0.0.202411081344/tools/bin/../lib/gcc/arm-none-eabi/13.3.1/thumb/v7e-m+fp/hard/crti.o
                0x080033e0                _init
 .init          0x080033e4        0x8 C:/ST/STM32CubeIDE_1.19.0/STM32CubeIDE/plugins/com.st.stm32cube.ide.mcu.externaltools.gnu-tools-for-stm32.13.3.rel1.win32_1.0.0.202411081344/tools/bin/../lib/gcc/arm-none-eabi/13.3.1/thumb/v7e-m+fp/hard/crtn.o
 *(.fini)
 .fini          0x080033ec        0x4 C:/ST/STM32CubeIDE_1.19.0/STM32CubeIDE/plugins/com.st.stm32cube.ide.mcu.externaltools.gnu-tools-for-stm32.13.3.rel1.win32_1.0.0.202411081344/tools/bin/../lib/gcc/arm-none-eabi/13.3.1/thumb/v7e-m+fp/hard/crti.o
                0x080033ec                _fini
 .fini          0x080033f0        0x8 C:/ST/STM32CubeIDE_1.19.0/STM32CubeIDE/plugins/com.st.stm32cube.ide.mcu.externaltools.gnu-tools-for-stm32.13.3.rel1.win32_1.0.0.202411081344/tools/bin/../lib/gcc/arm-none-eabi/13.3.1/thumb/v7e-m+fp/hard/crtn.o
                0x080033f8                        . = ALIGN (0x4)
                0x080033f8                        _etext = .

.vfp11_veneer   0x080033f8        0x0
 .vfp11_veneer  0x080033f8        0x0 linker stubs

.v4_bx          0x080033f8        0x0
 .v4_bx         0x080033f8        0x0 linker stubs

.iplt           0x080033f8        0x0
 .iplt          0x080033f8        0x0 C:/ST/STM32CubeIDE_1.19.0/STM32CubeIDE/plugins/com.st.stm32cube.ide.mcu.externaltools.gnu-tools-for-stm32.13.3.rel1.win32_1.0.0.202411081344/tools/bin/../lib/gcc/arm-none-eabi/13.3.1/thumb/v7e-m+fp/hard/crtbegin.o

.rodata         0x080033f8       0xb8
                0x080033f8                        . = ALIGN (0x4)
 *(.rodata)
 *(.rodata*)
 .rodata.morse_alphabet
                0x080033f8       0x9c ./Core/Src/morse.o
                0x080033f8                morse_alphabet
 .rodata.morse_alphabet_len
                0x08003494        0x4 ./Core/Src/morse.o
                0x08003494                morse_alphabet_len
 .rodata.AHBPrescTable
                0x08003498       0x10 ./Core/Src/system_stm32f4xx.o
                0x08003498                AHBPrescTable
 .rodata.APBPrescTable
                0x080034a8        0x8 ./Core/Src/system_stm32f4xx.o
                0x080034a8                APBPrescTable
                0x080034b0                        . = ALIGN (0x4)

.ARM.extab      0x080034b0        0x0
                0x080034b0                        . = ALIGN (0x4)
 *(.ARM.extab* .gnu.linkonce.armextab.*)
                0x080034b0                        . = ALIGN (0x4)

.ARM            0x080034b0        0x8
                0x080034b0                        . = ALIGN (0x4)
                0x080034b0                        __exidx_start = .
 *(.ARM.exidx*)
 .ARM.exidx     0x080034b0        0x8 C:/ST/STM32CubeIDE_1.19.0/STM32CubeIDE/plugins/com.st.stm32cube.ide.mcu.externaltools.gnu-tools-for-stm32.13.3.rel1.win32_1.0.0.202411081344/tools/bin/../lib/gcc/arm-none-eabi/13.3.1/thumb/v7e-m+fp/hard\libgcc.a(_udivmoddi4.o)
                0x080034b8                        __exidx_end = .
                0x080034b8                        . = ALIGN (0x4)

.preinit_array  0x080034b8        0x0
                0x080034b8                        . = ALIGN (0x4)
                0x080034b8                        PROVIDE (__preinit_array_start = .)
 *(.preinit_array*)
                0x080034b8                        PROVIDE (__preinit_array_end = .)
                0x080034b8                        . = ALIGN (0x4)

.init_array     0x080034b8        0x4
                0x080034b8                        . = ALIGN (0x4)
                0x080034b8                        PROVIDE (__init_array_start = .)
 *(SORT_BY_NAME(.init_array.*))
 *(.init_array*)
 .init_array    0x080034b8        0x4 C:/ST/STM32CubeIDE_1.19.0/STM32CubeIDE/plugins/com.st.stm32cube.ide.mcu.externaltools.gnu-tools-for-stm32.13.3.rel1.win32_1.0.0.202411081344/tools/bin/../lib/gcc/arm-none-eabi/13.3.1/thumb/v7e-m+fp/hard/crtbegin.o
                0x080034bc                        PROVIDE (__init_array_end = .)
                0x080034bc                        . = ALIGN (0x4)

.fini_array     0x080034bc        0x4
                0x080034bc                        . = ALIGN (0x4)
                [!provide]                        PROVIDE (__fini_array_start = .)
 *(SORT_BY_NAME(.fini_array.*))
 *(.fini_array*)
 .fini_array    0x080034bc        0x4 C:/ST/STM32CubeIDE_1.19.0/STM32CubeIDE/plugins/com.st.stm32cube.ide.mcu.externaltools.gnu-tools-for-stm32.13.3.rel1.win32_1.0.0.202411081344/tools/bin/../lib/gcc/arm-none-eabi/13.3.1/thumb/v7e-m+fp/hard/crtbegin.o
                [!provide]                        PROVIDE (__fini_array_end = .)
                0x080034c0                        . = ALIGN (0x4)
                0x080034c0                        _sidata = LOADADDR (.data)

.rel.dyn        0x080034c0        0x0
 .rel.iplt      0x080034c0        0x0 C:/ST/STM32CubeIDE_1.19.0/STM32CubeIDE/plugins/com.st.stm32cube.ide.mcu.externaltools.gnu-tools-for-stm32.13.3.rel1.win32_1.0.0.202411081344/tools/bin/../lib/gcc/arm-none-eabi/13.3.1/thumb/v7e-m+fp/hard/crtbegin.o

.data           0x20000000       0x10 load address 0x080034c0
                0x20000000                        . = ALIGN (0x4)
                0x20000000                        _sdata = .
 *(.data)
 *(.data*)
 .data.button_state
                0x20000000        0x1 ./Core/Src/main.o
                0x20000000                button_state
 .data.last_reading
                0x20000001        0x1 ./Core/Src/main.o
                0x20000001                last_reading
 *fill*         0x20000002        0x2 
 .data.SystemCoreClock
                0x20000004        0x4 ./Core/Src/system_stm32f4xx.o
                0x20000004                SystemCoreClock
 .data.uwTickPrio
                0x20000008        0x4 ./Drivers/STM32F4xx_HAL_Driver/Src/stm32f4xx_hal.o
                0x20000008                uwTickPrio
 .data.uwTickFreq
                0x2000000c        0x1 ./Drivers/STM32F4xx_HAL_Driver/Src/stm32f4xx_hal.o
                0x2000000c                uwTickFreq
 *(.RamFunc)
 *(.RamFunc*)
                0x20000010                        . = ALIGN (0x4)
 *fill*         0x2000000d        0x3 
                0x20000010                        _edata = .
                0x080034d0                        _siccmram = LOADADDR (.ccmram)

.igot.plt       0x20000010        0x0 load address 0x080034d0
 .igot.plt      0x20000010        0x0 C:/ST/STM32CubeIDE_1.19.0/STM32CubeIDE/plugins/com.st.stm32cube.ide.mcu.externaltools.gnu-tools-for-stm32.13.3.rel1.win32_1.0.0.202411081344/tools/bin/../lib/gcc/arm-none-eabi/13.3.1/thumb/v7e-m+fp/hard/crtbegin.o

.ccmram         0x10000000        0x0 load address 0x080034d0
                0x10000000                        . = ALIGN (0x4)
                0x10000000                        _sccmram = .
 *(.ccmram)
 *(.ccmram*)
                0x10000000                        . = ALIGN (0x4)
                0x10000000                        _eccmram = .
                0x10000000                        . = ALIGN (0x4)

.bss            0x20000010       0x74
                0x20000010                        _sbss = .
                0x20000010                        __bss_start__ = _sbss
 *(.bss)
 .bss           0x20000010       0x1c C:/ST/STM32CubeIDE_1.19.0/STM32CubeIDE/plugins/com.st.stm32cube.ide.mcu.externaltools.gnu-tools-for-stm32.13.3.rel1.win32_1.0.0.202411081344/tools/bin/../lib/gcc/arm-none-eabi/13.3.1/thumb/v7e-m+fp/hard/crtbegin.o
 *(.bss*)
 .bss.last_deb_time
                0x2000002c        0x4 ./Core/Src/main.o
                0x2000002c                last_deb_time
 .bss.last_move_time
                0x20000030        0x4 ./Core/Src/main.o
                0x20000030                last_move_time
 .bss.uart6_receive_finished
                0x20000034        0x1 ./Core/Src/main.o
                0x20000034                uart6_receive_finished
 .bss.uart6_buf
                0x20000035        0x1 ./Core/Src/main.o
                0x20000035                uart6_buf
 *fill*         0x20000036        0x2 
 .bss.huart6    0x20000038       0x48 ./Core/Src/usart.o
                0x20000038                huart6
 .bss.uwTick    0x20000080        0x4 ./Drivers/STM32F4xx_HAL_Driver/Src/stm32f4xx_hal.o
                0x20000080                uwTick
 *(COMMON)
                0x20000084                        . = ALIGN (0x4)
                0x20000084                        _ebss = .
                0x20000084                        __bss_end__ = _ebss

._user_heap_stack
                0x20000084      0x604
                0x20000088                        . = ALIGN (0x8)
 *fill*         0x20000084        0x4 
                [!provide]                        PROVIDE (end = .)
                0x20000088                        PROVIDE (_end = .)
                0x20000288                        . = (. + _Min_Heap_Size)
 *fill*         0x20000088      0x200 
                0x20000688                        . = (. + _Min_Stack_Size)
 *fill*         0x20000288      0x400 
                0x20000688                        . = ALIGN (0x8)

/DISCARD/
 libc.a(*)
 libm.a(*)
 libgcc.a(*)

.ARM.attributes
                0x00000000       0x30
 *(.ARM.attributes)
 .ARM.attributes
                0x00000000       0x22 C:/ST/STM32CubeIDE_1.19.0/STM32CubeIDE/plugins/com.st.stm32cube.ide.mcu.externaltools.gnu-tools-for-stm32.13.3.rel1.win32_1.0.0.202411081344/tools/bin/../lib/gcc/arm-none-eabi/13.3.1/thumb/v7e-m+fp/hard/crti.o
 .ARM.attributes
                0x00000022       0x34 C:/ST/STM32CubeIDE_1.19.0/STM32CubeIDE/plugins/com.st.stm32cube.ide.mcu.externaltools.gnu-tools-for-stm32.13.3.rel1.win32_1.0.0.202411081344/tools/bin/../lib/gcc/arm-none-eabi/13.3.1/thumb/v7e-m+fp/hard/crtbegin.o
 .ARM.attributes
                0x00000056       0x34 ./Core/Src/gpio.o
 .ARM.attributes
                0x0000008a       0x34 ./Core/Src/main.o
 .ARM.attributes
                0x000000be       0x34 ./Core/Src/morse.o
 .ARM.attributes
                0x000000f2       0x34 ./Core/Src/mybuf.o
 .ARM.attributes
                0x00000126       0x34 ./Core/Src/stm32f4xx_hal_msp.o
 .ARM.attributes
                0x0000015a       0x34 ./Core/Src/stm32f4xx_it.o
 .ARM.attributes
                0x0000018e       0x34 ./Core/Src/system_stm32f4xx.o
 .ARM.attributes
                0x000001c2       0x34 ./Core/Src/uart_buf.o
 .ARM.attributes
                0x000001f6       0x34 ./Core/Src/usart.o
 .ARM.attributes
                0x0000022a       0x21 ./Core/Startup/startup_stm32f427vitx.o
 .ARM.attributes
                0x0000024b       0x34 ./Drivers/STM32F4xx_HAL_Driver/Src/stm32f4xx_hal.o
 .ARM.attributes
                0x0000027f       0x34 ./Drivers/STM32F4xx_HAL_Driver/Src/stm32f4xx_hal_cortex.o
 .ARM.attributes
                0x000002b3       0x34 ./Drivers/STM32F4xx_HAL_Driver/Src/stm32f4xx_hal_dma.o
 .ARM.attributes
                0x000002e7       0x34 ./Drivers/STM32F4xx_HAL_Driver/Src/stm32f4xx_hal_gpio.o
 .ARM.attributes
                0x0000031b       0x34 ./Drivers/STM32F4xx_HAL_Driver/Src/stm32f4xx_hal_pwr_ex.o
 .ARM.attributes
                0x0000034f       0x34 ./Drivers/STM32F4xx_HAL_Driver/Src/stm32f4xx_hal_rcc.o
 .ARM.attributes
                0x00000383       0x34 ./Drivers/STM32F4xx_HAL_Driver/Src/stm32f4xx_hal_uart.o
 .ARM.attributes
                0x000003b7       0x34 C:/ST/STM32CubeIDE_1.19.0/STM32CubeIDE/plugins/com.st.stm32cube.ide.mcu.externaltools.gnu-tools-for-stm32.13.3.rel1.win32_1.0.0.202411081344/tools/bin/../lib/gcc/arm-none-eabi/13.3.1/../../../../arm-none-eabi/lib/thumb/v7e-m+fp/hard\libc_nano.a(libc_a-memset.o)
 .ARM.attributes
                0x000003eb       0x34 C:/ST/STM32CubeIDE_1.19.0/STM32CubeIDE/plugins/com.st.stm32cube.ide.mcu.externaltools.gnu-tools-for-stm32.13.3.rel1.win32_1.0.0.202411081344/tools/bin/../lib/gcc/arm-none-eabi/13.3.1/../../../../arm-none-eabi/lib/thumb/v7e-m+fp/hard\libc_nano.a(libc_a-init.o)
 .ARM.attributes
                0x0000041f       0x22 C:/ST/STM32CubeIDE_1.19.0/STM32CubeIDE/plugins/com.st.stm32cube.ide.mcu.externaltools.gnu-tools-for-stm32.13.3.rel1.win32_1.0.0.202411081344/tools/bin/../lib/gcc/arm-none-eabi/13.3.1/thumb/v7e-m+fp/hard\libgcc.a(_aeabi_uldivmod.o)
 .ARM.attributes
                0x00000441       0x34 C:/ST/STM32CubeIDE_1.19.0/STM32CubeIDE/plugins/com.st.stm32cube.ide.mcu.externaltools.gnu-tools-for-stm32.13.3.rel1.win32_1.0.0.202411081344/tools/bin/../lib/gcc/arm-none-eabi/13.3.1/thumb/v7e-m+fp/hard\libgcc.a(_udivmoddi4.o)
 .ARM.attributes
                0x00000475       0x22 C:/ST/STM32CubeIDE_1.19.0/STM32CubeIDE/plugins/com.st.stm32cube.ide.mcu.externaltools.gnu-tools-for-stm32.13.3.rel1.win32_1.0.0.202411081344/tools/bin/../lib/gcc/arm-none-eabi/13.3.1/thumb/v7e-m+fp/hard\libgcc.a(_dvmd_tls.o)
 .ARM.attributes
                0x00000497       0x22 C:/ST/STM32CubeIDE_1.19.0/STM32CubeIDE/plugins/com.st.stm32cube.ide.mcu.externaltools.gnu-tools-for-stm32.13.3.rel1.win32_1.0.0.202411081344/tools/bin/../lib/gcc/arm-none-eabi/13.3.1/thumb/v7e-m+fp/hard/crtn.o
OUTPUT(LAB-2.elf elf32-littlearm)
LOAD linker stubs
LOAD C:/ST/STM32CubeIDE_1.19.0/STM32CubeIDE/plugins/com.st.stm32cube.ide.mcu.externaltools.gnu-tools-for-stm32.13.3.rel1.win32_1.0.0.202411081344/tools/bin/../lib/gcc/arm-none-eabi/13.3.1/../../../../arm-none-eabi/lib/thumb/v7e-m+fp/hard\libc.a
LOAD C:/ST/STM32CubeIDE_1.19.0/STM32CubeIDE/plugins/com.st.stm32cube.ide.mcu.externaltools.gnu-tools-for-stm32.13.3.rel1.win32_1.0.0.202411081344/tools/bin/../lib/gcc/arm-none-eabi/13.3.1/../../../../arm-none-eabi/lib/thumb/v7e-m+fp/hard\libm.a
LOAD C:/ST/STM32CubeIDE_1.19.0/STM32CubeIDE/plugins/com.st.stm32cube.ide.mcu.externaltools.gnu-tools-for-stm32.13.3.rel1.win32_1.0.0.202411081344/tools/bin/../lib/gcc/arm-none-eabi/13.3.1/thumb/v7e-m+fp/hard\libgcc.a

.debug_info     0x00000000     0x9bb7
 .debug_info    0x00000000      0x43d ./Core/Src/gpio.o
 .debug_info    0x0000043d      0xf7a ./Core/Src/main.o
 .debug_info    0x000013b7      0x1cb ./Core/Src/morse.o
 .debug_info    0x00001582      0x3a8 ./Core/Src/mybuf.o
 .debug_info    0x0000192a      0x281 ./Core/Src/stm32f4xx_hal_msp.o
 .debug_info    0x00001bab      0x639 ./Core/Src/stm32f4xx_it.o
 .debug_info    0x000021e4      0x52e ./Core/Src/system_stm32f4xx.o
 .debug_info    0x00002712      0x298 ./Core/Src/uart_buf.o
 .debug_info    0x000029aa      0xbcf ./Core/Src/usart.o
 .debug_info    0x00003579       0x30 ./Core/Startup/startup_stm32f427vitx.o
 .debug_info    0x000035a9      0x9ae ./Drivers/STM32F4xx_HAL_Driver/Src/stm32f4xx_hal.o
 .debug_info    0x00003f57      0xdb6 ./Drivers/STM32F4xx_HAL_Driver/Src/stm32f4xx_hal_cortex.o
 .debug_info    0x00004d0d      0x8e7 ./Drivers/STM32F4xx_HAL_Driver/Src/stm32f4xx_hal_dma.o
 .debug_info    0x000055f4      0x6db ./Drivers/STM32F4xx_HAL_Driver/Src/stm32f4xx_hal_gpio.o
 .debug_info    0x00005ccf      0x6be ./Drivers/STM32F4xx_HAL_Driver/Src/stm32f4xx_hal_pwr_ex.o
 .debug_info    0x0000638d      0x8db ./Drivers/STM32F4xx_HAL_Driver/Src/stm32f4xx_hal_rcc.o
 .debug_info    0x00006c68     0x2f4f ./Drivers/STM32F4xx_HAL_Driver/Src/stm32f4xx_hal_uart.o

.debug_abbrev   0x00000000     0x1f72
 .debug_abbrev  0x00000000      0x152 ./Core/Src/gpio.o
 .debug_abbrev  0x00000152      0x325 ./Core/Src/main.o
 .debug_abbrev  0x00000477      0x125 ./Core/Src/morse.o
 .debug_abbrev  0x0000059c      0x164 ./Core/Src/mybuf.o
 .debug_abbrev  0x00000700       0xd8 ./Core/Src/stm32f4xx_hal_msp.o
 .debug_abbrev  0x000007d8      0x175 ./Core/Src/stm32f4xx_it.o
 .debug_abbrev  0x0000094d      0x11a ./Core/Src/system_stm32f4xx.o
 .debug_abbrev  0x00000a67      0x1d2 ./Core/Src/uart_buf.o
 .debug_abbrev  0x00000c39      0x218 ./Core/Src/usart.o
 .debug_abbrev  0x00000e51       0x24 ./Core/Startup/startup_stm32f427vitx.o
 .debug_abbrev  0x00000e75      0x214 ./Drivers/STM32F4xx_HAL_Driver/Src/stm32f4xx_hal.o
 .debug_abbrev  0x00001089      0x31d ./Drivers/STM32F4xx_HAL_Driver/Src/stm32f4xx_hal_cortex.o
 .debug_abbrev  0x000013a6      0x264 ./Drivers/STM32F4xx_HAL_Driver/Src/stm32f4xx_hal_dma.o
 .debug_abbrev  0x0000160a      0x1d4 ./Drivers/STM32F4xx_HAL_Driver/Src/stm32f4xx_hal_gpio.o
 .debug_abbrev  0x000017de      0x1cf ./Drivers/STM32F4xx_HAL_Driver/Src/stm32f4xx_hal_pwr_ex.o
 .debug_abbrev  0x000019ad      0x2b7 ./Drivers/STM32F4xx_HAL_Driver/Src/stm32f4xx_hal_rcc.o
 .debug_abbrev  0x00001c64      0x30e ./Drivers/STM32F4xx_HAL_Driver/Src/stm32f4xx_hal_uart.o

.debug_aranges  0x00000000      0x868
 .debug_aranges
                0x00000000       0x20 ./Core/Src/gpio.o
 .debug_aranges
                0x00000020       0x70 ./Core/Src/main.o
 .debug_aranges
                0x00000090       0x20 ./Core/Src/morse.o
 .debug_aranges
                0x000000b0       0x68 ./Core/Src/mybuf.o
 .debug_aranges
                0x00000118       0x20 ./Core/Src/stm32f4xx_hal_msp.o
 .debug_aranges
                0x00000138       0x68 ./Core/Src/stm32f4xx_it.o
 .debug_aranges
                0x000001a0       0x28 ./Core/Src/system_stm32f4xx.o
 .debug_aranges
                0x000001c8       0x40 ./Core/Src/uart_buf.o
 .debug_aranges
                0x00000208       0x30 ./Core/Src/usart.o
 .debug_aranges
                0x00000238       0x28 ./Core/Startup/startup_stm32f427vitx.o
 .debug_aranges
                0x00000260      0x100 ./Drivers/STM32F4xx_HAL_Driver/Src/stm32f4xx_hal.o
 .debug_aranges
                0x00000360      0x130 ./Drivers/STM32F4xx_HAL_Driver/Src/stm32f4xx_hal_cortex.o
 .debug_aranges
                0x00000490       0x90 ./Drivers/STM32F4xx_HAL_Driver/Src/stm32f4xx_hal_dma.o
 .debug_aranges
                0x00000520       0x58 ./Drivers/STM32F4xx_HAL_Driver/Src/stm32f4xx_hal_gpio.o
 .debug_aranges
                0x00000578       0x60 ./Drivers/STM32F4xx_HAL_Driver/Src/stm32f4xx_hal_pwr_ex.o
 .debug_aranges
                0x000005d8       0x88 ./Drivers/STM32F4xx_HAL_Driver/Src/stm32f4xx_hal_rcc.o
 .debug_aranges
                0x00000660      0x208 ./Drivers/STM32F4xx_HAL_Driver/Src/stm32f4xx_hal_uart.o

.debug_rnglists
                0x00000000      0x64f
 .debug_rnglists
                0x00000000       0x14 ./Core/Src/gpio.o
 .debug_rnglists
                0x00000014       0x52 ./Core/Src/main.o
 .debug_rnglists
                0x00000066       0x13 ./Core/Src/morse.o
 .debug_rnglists
                0x00000079       0x49 ./Core/Src/mybuf.o
 .debug_rnglists
                0x000000c2       0x13 ./Core/Src/stm32f4xx_hal_msp.o
 .debug_rnglists
                0x000000d5       0x49 ./Core/Src/stm32f4xx_it.o
 .debug_rnglists
                0x0000011e       0x1a ./Core/Src/system_stm32f4xx.o
 .debug_rnglists
                0x00000138       0x2b ./Core/Src/uart_buf.o
 .debug_rnglists
                0x00000163       0x20 ./Core/Src/usart.o
 .debug_rnglists
                0x00000183       0x19 ./Core/Startup/startup_stm32f427vitx.o
 .debug_rnglists
                0x0000019c       0xbb ./Drivers/STM32F4xx_HAL_Driver/Src/stm32f4xx_hal.o
 .debug_rnglists
                0x00000257       0xe0 ./Drivers/STM32F4xx_HAL_Driver/Src/stm32f4xx_hal_cortex.o
 .debug_rnglists
                0x00000337       0x70 ./Drivers/STM32F4xx_HAL_Driver/Src/stm32f4xx_hal_dma.o
 .debug_rnglists
                0x000003a7       0x3f ./Drivers/STM32F4xx_HAL_Driver/Src/stm32f4xx_hal_gpio.o
 .debug_rnglists
                0x000003e6       0x47 ./Drivers/STM32F4xx_HAL_Driver/Src/stm32f4xx_hal_pwr_ex.o
 .debug_rnglists
                0x0000042d       0x66 ./Drivers/STM32F4xx_HAL_Driver/Src/stm32f4xx_hal_rcc.o
 .debug_rnglists
                0x00000493      0x1bc ./Drivers/STM32F4xx_HAL_Driver/Src/stm32f4xx_hal_uart.o

.debug_macro    0x00000000    0x228da
 .debug_macro   0x00000000      0x1ce ./Core/Src/gpio.o
 .debug_macro   0x000001ce      0xad8 ./Core/Src/gpio.o
 .debug_macro   0x00000ca6      0x295 ./Core/Src/gpio.o
 .debug_macro   0x00000f3b       0x2e ./Core/Src/gpio.o
 .debug_macro   0x00000f69       0x28 ./Core/Src/gpio.o
 .debug_macro   0x00000f91       0x22 ./Core/Src/gpio.o
 .debug_macro   0x00000fb3       0x8e ./Core/Src/gpio.o
 .debug_macro   0x00001041       0x51 ./Core/Src/gpio.o
 .debug_macro   0x00001092      0x103 ./Core/Src/gpio.o
 .debug_macro   0x00001195       0x6a ./Core/Src/gpio.o
 .debug_macro   0x000011ff      0x1df ./Core/Src/gpio.o
 .debug_macro   0x000013de       0x1c ./Core/Src/gpio.o
 .debug_macro   0x000013fa       0x22 ./Core/Src/gpio.o
 .debug_macro   0x0000141c       0xfb ./Core/Src/gpio.o
 .debug_macro   0x00001517     0x1011 ./Core/Src/gpio.o
 .debug_macro   0x00002528      0x11f ./Core/Src/gpio.o
 .debug_macro   0x00002647    0x178cc ./Core/Src/gpio.o
 .debug_macro   0x00019f13       0x6d ./Core/Src/gpio.o
 .debug_macro   0x00019f80     0x370a ./Core/Src/gpio.o
 .debug_macro   0x0001d68a      0x190 ./Core/Src/gpio.o
 .debug_macro   0x0001d81a       0x5c ./Core/Src/gpio.o
 .debug_macro   0x0001d876      0xc82 ./Core/Src/gpio.o
 .debug_macro   0x0001e4f8      0x9e9 ./Core/Src/gpio.o
 .debug_macro   0x0001eee1      0x115 ./Core/Src/gpio.o
 .debug_macro   0x0001eff6      0x16f ./Core/Src/gpio.o
 .debug_macro   0x0001f165       0xa5 ./Core/Src/gpio.o
 .debug_macro   0x0001f20a      0x182 ./Core/Src/gpio.o
 .debug_macro   0x0001f38c      0x287 ./Core/Src/gpio.o
 .debug_macro   0x0001f613       0x5f ./Core/Src/gpio.o
 .debug_macro   0x0001f672      0x236 ./Core/Src/gpio.o
 .debug_macro   0x0001f8a8      0x132 ./Core/Src/gpio.o
 .debug_macro   0x0001f9da      0x41d ./Core/Src/gpio.o
 .debug_macro   0x0001fdf7       0x2e ./Core/Src/gpio.o
 .debug_macro   0x0001fe25      0x127 ./Core/Src/gpio.o
 .debug_macro   0x0001ff4c       0xe2 ./Core/Src/gpio.o
 .debug_macro   0x0002002e       0x89 ./Core/Src/gpio.o
 .debug_macro   0x000200b7      0x2aa ./Core/Src/gpio.o
 .debug_macro   0x00020361      0x134 ./Core/Src/gpio.o
 .debug_macro   0x00020495      0x214 ./Core/Src/main.o
 .debug_macro   0x000206a9       0x22 ./Core/Src/main.o
 .debug_macro   0x000206cb       0x1c ./Core/Src/main.o
 .debug_macro   0x000206e7      0x140 ./Core/Src/morse.o
 .debug_macro   0x00020827       0x2a ./Core/Src/morse.o
 .debug_macro   0x00020851       0x5b ./Core/Src/morse.o
 .debug_macro   0x000208ac       0x94 ./Core/Src/morse.o
 .debug_macro   0x00020940       0x43 ./Core/Src/morse.o
 .debug_macro   0x00020983       0x34 ./Core/Src/morse.o
 .debug_macro   0x000209b7       0x16 ./Core/Src/morse.o
 .debug_macro   0x000209cd      0x11c ./Core/Src/morse.o
 .debug_macro   0x00020ae9       0x9b ./Core/Src/morse.o
 .debug_macro   0x00020b84       0x57 ./Core/Src/morse.o
 .debug_macro   0x00020bdb      0x370 ./Core/Src/morse.o
 .debug_macro   0x00020f4b       0x16 ./Core/Src/morse.o
 .debug_macro   0x00020f61       0x4a ./Core/Src/morse.o
 .debug_macro   0x00020fab       0x34 ./Core/Src/morse.o
 .debug_macro   0x00020fdf       0x10 ./Core/Src/morse.o
 .debug_macro   0x00020fef       0x58 ./Core/Src/morse.o
 .debug_macro   0x00021047       0x8e ./Core/Src/morse.o
 .debug_macro   0x000210d5       0x1c ./Core/Src/morse.o
 .debug_macro   0x000210f1      0x185 ./Core/Src/morse.o
 .debug_macro   0x00021276       0x16 ./Core/Src/morse.o
 .debug_macro   0x0002128c       0x29 ./Core/Src/morse.o
 .debug_macro   0x000212b5       0x7f ./Core/Src/mybuf.o
 .debug_macro   0x00021334      0x1c4 ./Core/Src/stm32f4xx_hal_msp.o
 .debug_macro   0x000214f8      0x1ce ./Core/Src/stm32f4xx_it.o
 .debug_macro   0x000216c6      0x1ba ./Core/Src/system_stm32f4xx.o
 .debug_macro   0x00021880      0x1cd ./Core/Src/uart_buf.o
 .debug_macro   0x00021a4d      0x1ce ./Core/Src/usart.o
 .debug_macro   0x00021c1b      0x21a ./Drivers/STM32F4xx_HAL_Driver/Src/stm32f4xx_hal.o
 .debug_macro   0x00021e35      0x1ba ./Drivers/STM32F4xx_HAL_Driver/Src/stm32f4xx_hal_cortex.o
 .debug_macro   0x00021fef      0x1c0 ./Drivers/STM32F4xx_HAL_Driver/Src/stm32f4xx_hal_dma.o
 .debug_macro   0x000221af      0x1c0 ./Drivers/STM32F4xx_HAL_Driver/Src/stm32f4xx_hal_gpio.o
 .debug_macro   0x0002236f      0x1d2 ./Drivers/STM32F4xx_HAL_Driver/Src/stm32f4xx_hal_pwr_ex.o
 .debug_macro   0x00022541      0x1de ./Drivers/STM32F4xx_HAL_Driver/Src/stm32f4xx_hal_rcc.o
 .debug_macro   0x0002271f      0x1bb ./Drivers/STM32F4xx_HAL_Driver/Src/stm32f4xx_hal_uart.o

.debug_line     0x00000000     0xb2b7
 .debug_line    0x00000000      0x730 ./Core/Src/gpio.o
 .debug_line    0x00000730      0xabc ./Core/Src/main.o
 .debug_line    0x000011ec      0x5af ./Core/Src/morse.o
 .debug_line    0x0000179b      0x5b7 ./Core/Src/mybuf.o
 .debug_line    0x00001d52      0x715 ./Core/Src/stm32f4xx_hal_msp.o
 .debug_line    0x00002467      0x7dc ./Core/Src/stm32f4xx_it.o
 .debug_line    0x00002c43      0x78b ./Core/Src/system_stm32f4xx.o
 .debug_line    0x000033ce      0x804 ./Core/Src/uart_buf.o
 .debug_line    0x00003bd2      0x786 ./Core/Src/usart.o
 .debug_line    0x00004358       0x7a ./Core/Startup/startup_stm32f427vitx.o
 .debug_line    0x000043d2      0xa3d ./Drivers/STM32F4xx_HAL_Driver/Src/stm32f4xx_hal.o
 .debug_line    0x00004e0f      0xcd7 ./Drivers/STM32F4xx_HAL_Driver/Src/stm32f4xx_hal_cortex.o
 .debug_line    0x00005ae6      0xf73 ./Drivers/STM32F4xx_HAL_Driver/Src/stm32f4xx_hal_dma.o
 .debug_line    0x00006a59      0xb87 ./Drivers/STM32F4xx_HAL_Driver/Src/stm32f4xx_hal_gpio.o
 .debug_line    0x000075e0      0x974 ./Drivers/STM32F4xx_HAL_Driver/Src/stm32f4xx_hal_pwr_ex.o
 .debug_line    0x00007f54      0xe14 ./Drivers/STM32F4xx_HAL_Driver/Src/stm32f4xx_hal_rcc.o
 .debug_line    0x00008d68     0x254f ./Drivers/STM32F4xx_HAL_Driver/Src/stm32f4xx_hal_uart.o

.debug_str      0x00000000    0xcf29f
 .debug_str     0x00000000    0xcf29f ./Core/Src/gpio.o
                              0xc9925 (size before relaxing)
 .debug_str     0x000cf29f    0xca2cc ./Core/Src/main.o
 .debug_str     0x000cf29f     0x7482 ./Core/Src/morse.o
 .debug_str     0x000cf29f     0x3f5e ./Core/Src/mybuf.o
 .debug_str     0x000cf29f    0xc985a ./Core/Src/stm32f4xx_hal_msp.o
 .debug_str     0x000cf29f    0xc9c7d ./Core/Src/stm32f4xx_it.o
 .debug_str     0x000cf29f    0xc990a ./Core/Src/system_stm32f4xx.o
 .debug_str     0x000cf29f    0xc983a ./Core/Src/uart_buf.o
 .debug_str     0x000cf29f    0xca363 ./Core/Src/usart.o
 .debug_str     0x000cf29f       0x7c ./Core/Startup/startup_stm32f427vitx.o
 .debug_str     0x000cf29f    0xca516 ./Drivers/STM32F4xx_HAL_Driver/Src/stm32f4xx_hal.o
 .debug_str     0x000cf29f    0xca244 ./Drivers/STM32F4xx_HAL_Driver/Src/stm32f4xx_hal_cortex.o
 .debug_str     0x000cf29f    0xc9d11 ./Drivers/STM32F4xx_HAL_Driver/Src/stm32f4xx_hal_dma.o
 .debug_str     0x000cf29f    0xc9a85 ./Drivers/STM32F4xx_HAL_Driver/Src/stm32f4xx_hal_gpio.o
 .debug_str     0x000cf29f    0xc9ae2 ./Drivers/STM32F4xx_HAL_Driver/Src/stm32f4xx_hal_pwr_ex.o
 .debug_str     0x000cf29f    0xc9d3e ./Drivers/STM32F4xx_HAL_Driver/Src/stm32f4xx_hal_rcc.o
 .debug_str     0x000cf29f    0xca30c ./Drivers/STM32F4xx_HAL_Driver/Src/stm32f4xx_hal_uart.o

.comment        0x00000000       0x43
 .comment       0x00000000       0x43 ./Core/Src/gpio.o
                                 0x44 (size before relaxing)
 .comment       0x00000043       0x44 ./Core/Src/main.o
 .comment       0x00000043       0x44 ./Core/Src/morse.o
 .comment       0x00000043       0x44 ./Core/Src/mybuf.o
 .comment       0x00000043       0x44 ./Core/Src/stm32f4xx_hal_msp.o
 .comment       0x00000043       0x44 ./Core/Src/stm32f4xx_it.o
 .comment       0x00000043       0x44 ./Core/Src/system_stm32f4xx.o
 .comment       0x00000043       0x44 ./Core/Src/uart_buf.o
 .comment       0x00000043       0x44 ./Core/Src/usart.o
 .comment       0x00000043       0x44 ./Drivers/STM32F4xx_HAL_Driver/Src/stm32f4xx_hal.o
 .comment       0x00000043       0x44 ./Drivers/STM32F4xx_HAL_Driver/Src/stm32f4xx_hal_cortex.o
 .comment       0x00000043       0x44 ./Drivers/STM32F4xx_HAL_Driver/Src/stm32f4xx_hal_dma.o
 .comment       0x00000043       0x44 ./Drivers/STM32F4xx_HAL_Driver/Src/stm32f4xx_hal_gpio.o
 .comment       0x00000043       0x44 ./Drivers/STM32F4xx_HAL_Driver/Src/stm32f4xx_hal_pwr_ex.o
 .comment       0x00000043       0x44 ./Drivers/STM32F4xx_HAL_Driver/Src/stm32f4xx_hal_rcc.o
 .comment       0x00000043       0x44 ./Drivers/STM32F4xx_HAL_Driver/Src/stm32f4xx_hal_uart.o

.debug_frame    0x00000000     0x200c
 .debug_frame   0x00000000       0x34 ./Core/Src/gpio.o
 .debug_frame   0x00000034      0x17c ./Core/Src/main.o
 .debug_frame   0x000001b0       0x38 ./Core/Src/morse.o
 .debug_frame   0x000001e8      0x198 ./Core/Src/mybuf.o
 .debug_frame   0x00000380       0x38 ./Core/Src/stm32f4xx_hal_msp.o
 .debug_frame   0x000003b8      0x120 ./Core/Src/stm32f4xx_it.o
 .debug_frame   0x000004d8       0x58 ./Core/Src/system_stm32f4xx.o
 .debug_frame   0x00000530       0xd0 ./Core/Src/uart_buf.o
 .debug_frame   0x00000600       0x74 ./Core/Src/usart.o
 .debug_frame   0x00000674      0x3b4 ./Drivers/STM32F4xx_HAL_Driver/Src/stm32f4xx_hal.o
 .debug_frame   0x00000a28      0x508 ./Drivers/STM32F4xx_HAL_Driver/Src/stm32f4xx_hal_cortex.o
 .debug_frame   0x00000f30      0x250 ./Drivers/STM32F4xx_HAL_Driver/Src/stm32f4xx_hal_dma.o
 .debug_frame   0x00001180      0x14c ./Drivers/STM32F4xx_HAL_Driver/Src/stm32f4xx_hal_gpio.o
 .debug_frame   0x000012cc      0x14c ./Drivers/STM32F4xx_HAL_Driver/Src/stm32f4xx_hal_pwr_ex.o
 .debug_frame   0x00001418      0x1f4 ./Drivers/STM32F4xx_HAL_Driver/Src/stm32f4xx_hal_rcc.o
 .debug_frame   0x0000160c      0x954 ./Drivers/STM32F4xx_HAL_Driver/Src/stm32f4xx_hal_uart.o
 .debug_frame   0x00001f60       0x20 C:/ST/STM32CubeIDE_1.19.0/STM32CubeIDE/plugins/com.st.stm32cube.ide.mcu.externaltools.gnu-tools-for-stm32.13.3.rel1.win32_1.0.0.202411081344/tools/bin/../lib/gcc/arm-none-eabi/13.3.1/../../../../arm-none-eabi/lib/thumb/v7e-m+fp/hard\libc_nano.a(libc_a-memset.o)
 .debug_frame   0x00001f80       0x2c C:/ST/STM32CubeIDE_1.19.0/STM32CubeIDE/plugins/com.st.stm32cube.ide.mcu.externaltools.gnu-tools-for-stm32.13.3.rel1.win32_1.0.0.202411081344/tools/bin/../lib/gcc/arm-none-eabi/13.3.1/../../../../arm-none-eabi/lib/thumb/v7e-m+fp/hard\libc_nano.a(libc_a-init.o)
 .debug_frame   0x00001fac       0x2c C:/ST/STM32CubeIDE_1.19.0/STM32CubeIDE/plugins/com.st.stm32cube.ide.mcu.externaltools.gnu-tools-for-stm32.13.3.rel1.win32_1.0.0.202411081344/tools/bin/../lib/gcc/arm-none-eabi/13.3.1/thumb/v7e-m+fp/hard\libgcc.a(_aeabi_uldivmod.o)
 .debug_frame   0x00001fd8       0x34 C:/ST/STM32CubeIDE_1.19.0/STM32CubeIDE/plugins/com.st.stm32cube.ide.mcu.externaltools.gnu-tools-for-stm32.13.3.rel1.win32_1.0.0.202411081344/tools/bin/../lib/gcc/arm-none-eabi/13.3.1/thumb/v7e-m+fp/hard\libgcc.a(_udivmoddi4.o)

.debug_line_str
                0x00000000       0x60
 .debug_line_str
                0x00000000       0x60 ./Core/Startup/startup_stm32f427vitx.o
