../Core/Src/main.c:74:6:light_up	16	static
../Core/Src/main.c:88:6:light_down	16	static
../Core/Src/main.c:102:6:is_pressed	4	static
../Core/Src/main.c:106:6:is_long_press	8	static
../Core/Src/main.c:110:5:is_changed	24	static
../Core/Src/main.c:145:19:uart6_start_receive_char_it	8	static
../Core/Src/main.c:150:6:uart6_try_push_received_char	16	static
../Core/Src/main.c:159:6:HAL_UART_RxCpltCallback	16	static
../Core/Src/main.c:177:5:main	72	static
../Core/Src/main.c:326:6:SystemClock_Config	88	static
../Core/Src/main.c:382:6:Error_Handler	4	static,ignoring_inline_asm
